// Vitest Snapshot v1, https://vitest.dev/guide/snapshot.html

exports[`defaultPreferences immutability test > should not modify the config object 1`] = `
{
  "app": {
    "authPageLayout": "panel-right",
    "checkUpdateUrl": "/",
    "checkUpdatesInterval": 1,
    "colorGrayMode": false,
    "colorWeakMode": false,
    "compact": false,
    "contentCompact": "wide",
    "defaultAvatar": "https://unpkg.com/@vbenjs/static-source@0.1.7/source/avatar-v1.webp",
    "dynamicTitle": true,
    "enableCheckUpdates": true,
    "enablePreferences": true,
    "enableRefreshToken": false,
    "isMobile": false,
    "layout": "sidebar-nav",
    "locale": "zh-CN",
    "name": "Xpress Admin",
    "preferencesButtonPosition": "auto",
    "watermark": false,
  },
  "breadcrumb": {
    "enable": true,
    "hideOnlyOne": false,
    "showHome": false,
    "showIcon": true,
    "styleType": "normal",
  },
  "copyright": {
    "companyName": "Xpress",
    "companySiteLink": "https://www.baidu.com",
    "date": "2024",
    "enable": true,
    "icp": "",
    "icpLink": "",
    "settingShow": true,
  },
  "footer": {
    "enable": false,
    "fixed": false,
  },
  "header": {
    "enable": true,
    "hidden": false,
    "menuAlign": "start",
    "mode": "fixed",
  },
  "logo": {
    "enable": true,
    "source": "/images/logo.svg",
  },
  "navigation": {
    "accordion": true,
    "split": true,
    "styleType": "rounded",
  },
  "shortcutKeys": {
    "enable": true,
    "globalLogout": true,
    "globalSearch": true,
  },
  "sidebar": {
    "autoActivateChild": false,
    "collapsed": false,
    "collapsedShowTitle": false,
    "enable": true,
    "expandOnHover": true,
    "extraCollapse": true,
    "hidden": false,
    "width": 220,
  },
  "tabbar": {
    "draggable": true,
    "enable": true,
    "height": 38,
    "keepAlive": true,
    "maxCount": 0,
    "middleClickToClose": true,
    "persist": true,
    "showIcon": true,
    "showMaximize": true,
    "showMore": true,
    "styleType": "chrome",
    "wheelable": true,
  },
  "theme": {
    "builtinType": "default",
    "colorDestructive": "hsl(348 100% 61%)",
    "colorPrimary": "hsl(212 100% 45%)",
    "colorSuccess": "hsl(144 57% 58%)",
    "colorWarning": "hsl(42 84% 61%)",
    "mode": "dark",
    "radius": "0.5",
    "semiDarkHeader": false,
    "semiDarkSidebar": false,
  },
  "transition": {
    "enable": true,
    "name": "left",
    "progress": true,
  },
  "widget": {
    "fullscreen": true,
    "globalSearch": true,
    "languageToggle": true,
    "lockScreen": true,
    "notification": true,
    "refresh": true,
    "sidebarToggle": true,
    "themeToggle": true,
  },
}
`;
